Select Conversion Mode:
(c/C for Celsius to Fahrenheit)
(f/F for Fahrenheit to Celsius)
Gimme the Temp
Turning 100.000000 Fahrenheit to Celsius
Current Temp = 37.777778 degrees
