4591870180066957722
4602678819172646912
4609434218613702656
4613937818241073152
4614388178203810202
4614388178203810202
4616414798036126925
4620130267728707584
4621256167635550208
